#
# There is insufficient memory for the Java Runtime Environment to continue.
# Native memory allocation (malloc) failed to allocate 47744 bytes. Error detail: Chunk::new
# Possible reasons:
#   The system is out of physical RAM or swap space
#   This process is running with CompressedOops enabled, and the Java Heap may be blocking the growth of the native heap
# Possible solutions:
#   Reduce memory load on the system
#   Increase physical memory or swap space
#   Check if swap backing store is full
#   Decrease Java heap size (-Xmx/-Xms)
#   Decrease number of Java threads
#   Decrease Java thread stack sizes (-Xss)
#   Set larger code cache with -XX:ReservedCodeCacheSize=
#   JVM is running with Zero Based Compressed Oops mode in which the Java heap is
#     placed in the first 32GB address space. The Java Heap base address is the
#     maximum limit for the native heap growth. Please use -XX:HeapBaseMinAddress
#     to set the Java Heap base and to place the Java Heap above 32GB virtual address.
# This output file may be truncated or incomplete.
#
#  Out of Memory Error (arena.cpp:168), pid=25100, tid=27264
#
# JRE version: OpenJDK Runtime Environment Microsoft-13106404 (21.0.10+7) (build 21.0.10+7-LTS)
# Java VM: OpenJDK 64-Bit Server VM Microsoft-13106404 (21.0.10+7-LTS, mixed mode, sharing, tiered, compressed oops, compressed class ptrs, g1 gc, windows-amd64)
# No core dump will be written. Minidumps are not enabled by default on client versions of Windows
#

---------------  S U M M A R Y ------------

Command Line: -javaagent:C:\Program Files\JetBrains\IntelliJ IDEA 2025.1.3\lib\idea_rt.jar=52921 -Dfile.encoding=UTF-8 -Dsun.stdout.encoding=UTF-8 -Dsun.stderr.encoding=UTF-8 com.busway.BuswayApplication

Host: Intel(R) Core(TM) i5-8265U CPU @ 1.60GHz, 8 cores, 15G,  Windows 11 , 64 bit Build 22621 (10.0.22621.3958)
Time: Fri Mar  6 21:29:00 2026 Morocco Standard Time elapsed time: 162.391141 seconds (0d 0h 2m 42s)

---------------  T H R E A D  ---------------

Current thread (0x000002ccc1cbe9e0):  JavaThread "C2 CompilerThread0" daemon [_thread_in_native, id=27264, stack(0x000000e0be000000,0x000000e0be100000) (1024K)]


Current CompileTask:
C2:162391 9261       4       org.springframework.util.StreamUtils$NonClosingOutputStream::write (11 bytes)

Stack: [0x000000e0be000000,0x000000e0be100000]
Native frames: (J=compiled Java code, j=interpreted, Vv=VM code, C=native code)
V  [jvm.dll+0x6dfe69]  (no source info available)
V  [jvm.dll+0x8bfe4b]  (no source info available)
V  [jvm.dll+0x8c23da]  (no source info available)
V  [jvm.dll+0x8c2ab3]  (no source info available)
V  [jvm.dll+0x28a9e6]  (no source info available)
V  [jvm.dll+0xc903d]  (no source info available)
V  [jvm.dll+0xc958c]  (no source info available)
V  [jvm.dll+0x1e9ac0]  (no source info available)
V  [jvm.dll+0x72cd27]  (no source info available)
V  [jvm.dll+0x1ea6d1]  (no source info available)
V  [jvm.dll+0x2527c3]  (no source info available)
V  [jvm.dll+0x251c93]  (no source info available)
V  [jvm.dll+0x1d1adf]  (no source info available)
V  [jvm.dll+0x26195a]  (no source info available)
V  [jvm.dll+0x25fcc5]  (no source info available)
V  [jvm.dll+0x402155]  (no source info available)
V  [jvm.dll+0x86ab8d]  (no source info available)
V  [jvm.dll+0x6e141d]  (no source info available)
C  [ucrtbase.dll+0x29333]  (no source info available)
C  [KERNEL32.DLL+0x1257d]  (no source info available)
C  [ntdll.dll+0x5af08]  (no source info available)


---------------  P R O C E S S  ---------------

Threads class SMR info:
_java_thread_list=0x000002cd0c669580, length=36, elements={
0x000002ccc1cb0770, 0x000002ccc1cb1480, 0x000002ccc1cb50e0, 0x000002ccc1cb5ea0,
0x000002ccc1cb8410, 0x000002ccc1cb9610, 0x000002ccc1cbe9e0, 0x000002ccc1cbffd0,
0x000002cd071ac700, 0x000002cd0756a5e0, 0x000002cd0756ac50, 0x000002cd081a9a80,
0x000002cd081a2100, 0x000002cd07a5d2d0, 0x000002cd07a96fc0, 0x000002cd0a873840,
0x000002cd0a8710e0, 0x000002cd0a873ed0, 0x000002cd0a5d4050, 0x000002cd0a5d3330,
0x000002cd0a5d39c0, 0x000002cd0a5d1f80, 0x000002cd0a5d6e40, 0x000002cd0a5d46e0,
0x000002cd0a5d6120, 0x000002cd0a5d81f0, 0x000002cd0a5d1260, 0x000002cd0a5d8880,
0x000002cd0a5d18f0, 0x000002cd0a5d2610, 0x000002cd0a871e00, 0x000002cd0c068e90,
0x000002cd0c067450, 0x000002cd0c068800, 0x000002cd0c065380, 0x000002cd09caf640
}

Java Threads: ( => current thread )
  0x000002ccc1cb0770 JavaThread "Reference Handler"          daemon [_thread_blocked, id=21676, stack(0x000000e0bda00000,0x000000e0bdb00000) (1024K)]
  0x000002ccc1cb1480 JavaThread "Finalizer"                  daemon [_thread_blocked, id=23608, stack(0x000000e0bdb00000,0x000000e0bdc00000) (1024K)]
  0x000002ccc1cb50e0 JavaThread "Signal Dispatcher"          daemon [_thread_blocked, id=22844, stack(0x000000e0bdc00000,0x000000e0bdd00000) (1024K)]
  0x000002ccc1cb5ea0 JavaThread "Attach Listener"            daemon [_thread_blocked, id=11048, stack(0x000000e0bdd00000,0x000000e0bde00000) (1024K)]
  0x000002ccc1cb8410 JavaThread "Service Thread"             daemon [_thread_blocked, id=24252, stack(0x000000e0bde00000,0x000000e0bdf00000) (1024K)]
  0x000002ccc1cb9610 JavaThread "Monitor Deflation Thread"   daemon [_thread_blocked, id=21052, stack(0x000000e0bdf00000,0x000000e0be000000) (1024K)]
=>0x000002ccc1cbe9e0 JavaThread "C2 CompilerThread0"         daemon [_thread_in_native, id=27264, stack(0x000000e0be000000,0x000000e0be100000) (1024K)]
  0x000002ccc1cbffd0 JavaThread "C1 CompilerThread0"         daemon [_thread_blocked, id=2528, stack(0x000000e0be100000,0x000000e0be200000) (1024K)]
  0x000002cd071ac700 JavaThread "Common-Cleaner"             daemon [_thread_blocked, id=26176, stack(0x000000e0be200000,0x000000e0be300000) (1024K)]
  0x000002cd0756a5e0 JavaThread "Monitor Ctrl-Break"         daemon [_thread_in_native, id=26756, stack(0x000000e0be300000,0x000000e0be400000) (1024K)]
  0x000002cd0756ac50 JavaThread "Notification Thread"        daemon [_thread_blocked, id=26696, stack(0x000000e0be400000,0x000000e0be500000) (1024K)]
  0x000002cd081a9a80 JavaThread "RMI TCP Accept-0"           daemon [_thread_in_native, id=16068, stack(0x000000e0bee00000,0x000000e0bef00000) (1024K)]
  0x000002cd081a2100 JavaThread "RMI TCP Connection(idle)"   daemon [_thread_blocked, id=24908, stack(0x000000e0bef00000,0x000000e0bf000000) (1024K)]
  0x000002cd07a5d2d0 JavaThread "RMI Scheduler(0)"           daemon [_thread_blocked, id=25324, stack(0x000000e0bf000000,0x000000e0bf100000) (1024K)]
  0x000002cd07a96fc0 JavaThread "JMX server connection timeout 33" daemon [_thread_blocked, id=27040, stack(0x000000e0bf100000,0x000000e0bf200000) (1024K)]
  0x000002cd0a873840 JavaThread "Catalina-utility-1"                [_thread_blocked, id=23044, stack(0x000000e0bf400000,0x000000e0bf500000) (1024K)]
  0x000002cd0a8710e0 JavaThread "Catalina-utility-2"                [_thread_blocked, id=22076, stack(0x000000e0bf600000,0x000000e0bf700000) (1024K)]
  0x000002cd0a873ed0 JavaThread "container-0"                       [_thread_blocked, id=19820, stack(0x000000e0bf700000,0x000000e0bf800000) (1024K)]
  0x000002cd0a5d4050 JavaThread "PostgreSQL-JDBC-Cleaner"    daemon [_thread_blocked, id=2052, stack(0x000000e0be600000,0x000000e0be700000) (1024K)]
  0x000002cd0a5d3330 JavaThread "HikariPool-1 housekeeper"   daemon [_thread_blocked, id=25968, stack(0x000000e0bf800000,0x000000e0bf900000) (1024K)]
  0x000002cd0a5d39c0 JavaThread "File Watcher"               daemon [_thread_blocked, id=3136, stack(0x000000e0bf900000,0x000000e0bfa00000) (1024K)]
  0x000002cd0a5d1f80 JavaThread "Live Reload Server"         daemon [_thread_in_native, id=7008, stack(0x000000e0bfd00000,0x000000e0bfe00000) (1024K)]
  0x000002cd0a5d6e40 JavaThread "http-nio-9090-exec-1"       daemon [_thread_blocked, id=22172, stack(0x000000e0bfc00000,0x000000e0bfd00000) (1024K)]
  0x000002cd0a5d46e0 JavaThread "http-nio-9090-exec-2"       daemon [_thread_blocked, id=21448, stack(0x000000e0bfe00000,0x000000e0bff00000) (1024K)]
  0x000002cd0a5d6120 JavaThread "http-nio-9090-exec-3"       daemon [_thread_blocked, id=24092, stack(0x000000e0bff00000,0x000000e0c0000000) (1024K)]
  0x000002cd0a5d81f0 JavaThread "http-nio-9090-exec-4"       daemon [_thread_blocked, id=4560, stack(0x000000e0c0000000,0x000000e0c0100000) (1024K)]
  0x000002cd0a5d1260 JavaThread "http-nio-9090-exec-5"       daemon [_thread_in_Java, id=24716, stack(0x000000e0c0100000,0x000000e0c0200000) (1024K)]
  0x000002cd0a5d8880 JavaThread "http-nio-9090-exec-6"       daemon [_thread_in_Java, id=808, stack(0x000000e0c0200000,0x000000e0c0300000) (1024K)]
  0x000002cd0a5d18f0 JavaThread "http-nio-9090-exec-7"       daemon [_thread_blocked, id=22228, stack(0x000000e0c0300000,0x000000e0c0400000) (1024K)]
  0x000002cd0a5d2610 JavaThread "http-nio-9090-exec-8"       daemon [_thread_blocked, id=25064, stack(0x000000e0c0400000,0x000000e0c0500000) (1024K)]
  0x000002cd0a871e00 JavaThread "http-nio-9090-exec-9"       daemon [_thread_blocked, id=24276, stack(0x000000e0c0500000,0x000000e0c0600000) (1024K)]
  0x000002cd0c068e90 JavaThread "http-nio-9090-exec-10"      daemon [_thread_blocked, id=6032, stack(0x000000e0c0600000,0x000000e0c0700000) (1024K)]
  0x000002cd0c067450 JavaThread "http-nio-9090-Poller"       daemon [_thread_in_native, id=17060, stack(0x000000e0c0700000,0x000000e0c0800000) (1024K)]
  0x000002cd0c068800 JavaThread "http-nio-9090-Acceptor"     daemon [_thread_in_native, id=10932, stack(0x000000e0c0800000,0x000000e0c0900000) (1024K)]
  0x000002cd0c065380 JavaThread "DestroyJavaVM"                     [_thread_blocked, id=18248, stack(0x000000e0bd200000,0x000000e0bd300000) (1024K)]
  0x000002cd09caf640 JavaThread "C2 CompilerThread1"         daemon [_thread_in_native, id=12812, stack(0x000000e0bcf00000,0x000000e0bd000000) (1024K)]
Total: 36

Other Threads:
  0x000002ccc1c93f50 VMThread "VM Thread"                           [id=25028, stack(0x000000e0bd900000,0x000000e0bda00000) (1024K)] _threads_hazard_ptr=0x000002cd0c669580
  0x000002cca28f4970 WatcherThread "VM Periodic Task Thread"        [id=25240, stack(0x000000e0bd800000,0x000000e0bd900000) (1024K)]
  0x000002cca29633b0 WorkerThread "GC Thread#0"                     [id=9708, stack(0x000000e0bd300000,0x000000e0bd400000) (1024K)]
  0x000002cd07ba0730 WorkerThread "GC Thread#1"                     [id=25912, stack(0x000000e0be700000,0x000000e0be800000) (1024K)]
  0x000002cd07b417a0 WorkerThread "GC Thread#2"                     [id=26852, stack(0x000000e0be800000,0x000000e0be900000) (1024K)]
  0x000002cd07b89cf0 WorkerThread "GC Thread#3"                     [id=2984, stack(0x000000e0be900000,0x000000e0bea00000) (1024K)]
  0x000002cd07b8a0a0 WorkerThread "GC Thread#4"                     [id=22512, stack(0x000000e0bea00000,0x000000e0beb00000) (1024K)]
  0x000002cd08226210 WorkerThread "GC Thread#5"                     [id=25308, stack(0x000000e0beb00000,0x000000e0bec00000) (1024K)]
  0x000002cd083dc2f0 WorkerThread "GC Thread#6"                     [id=18272, stack(0x000000e0bec00000,0x000000e0bed00000) (1024K)]
  0x000002cd07f8b0b0 WorkerThread "GC Thread#7"                     [id=9124, stack(0x000000e0bed00000,0x000000e0bee00000) (1024K)]
  0x000002cca2974250 ConcurrentGCThread "G1 Main Marker"            [id=23560, stack(0x000000e0bd400000,0x000000e0bd500000) (1024K)]
  0x000002cca2974f10 WorkerThread "G1 Conc#0"                       [id=19712, stack(0x000000e0bd500000,0x000000e0bd600000) (1024K)]
  0x000002cd087f3560 WorkerThread "G1 Conc#1"                       [id=17308, stack(0x000000e0bf500000,0x000000e0bf600000) (1024K)]
  0x000002ccc1b531f0 ConcurrentGCThread "G1 Refine#0"               [id=21480, stack(0x000000e0bd600000,0x000000e0bd700000) (1024K)]
  0x000002ccc1b53b80 ConcurrentGCThread "G1 Service"                [id=25044, stack(0x000000e0bd700000,0x000000e0bd800000) (1024K)]
Total: 15

Threads with active compile tasks:
C2 CompilerThread0  163055 9261       4       org.springframework.util.StreamUtils$NonClosingOutputStream::write (11 bytes)
C2 CompilerThread1  163055 9259       4       org.apache.catalina.connector.OutputBuffer::append (70 bytes)
Total: 2

VM state: synchronizing (normal execution)

VM Mutex/Monitor currently owned by a thread:  ([mutex/lock_event])
[0x00007ffbd190b8a0] Threads_lock - owner thread: 0x000002ccc1c93f50

OutOfMemory and StackOverflow Exception counts:
StackOverflowErrors=14
LinkageErrors=159

Heap address: 0x0000000703000000, size: 4048 MB, Compressed Oops mode: Zero based, Oop shift amount: 3

CDS archive(s) mapped at: [0x000002ccc2000000-0x000002ccc2c80000-0x000002ccc2c80000), size 13107200, SharedBaseAddress: 0x000002ccc2000000, ArchiveRelocationMode: 1.
Compressed class space mapped at: 0x000002ccc3000000-0x000002cd03000000, reserved size: 1073741824
Narrow klass base: 0x000002ccc2000000, Narrow klass shift: 0, Narrow klass range: 0x100000000

GC Precious Log:
 CardTable entry size: 512
 Card Set container configuration: InlinePtr #cards 4 size 8 Array Of Cards #cards 16 size 48 Howl #buckets 8 coarsen threshold 3686 Howl Bitmap #cards 512 size 80 coarsen threshold 460 Card regions per heap region 1 cards per card region 4096
 CPUs: 8 total, 8 available
 Memory: 16190M
 Large Page Support: Disabled
 NUMA Support: Disabled
 Compressed Oops: Enabled (Zero based)
 Heap Region Size: 2M
 Heap Min Capacity: 8M
 Heap Initial Capacity: 254M
 Heap Max Capacity: 4048M
 Pre-touch: Disabled
 Parallel Workers: 8
 Concurrent Workers: 2
 Concurrent Refinement Workers: 8
 Periodic GC: Disabled

Heap:
 garbage-first heap   total 163840K, used 64384K [0x0000000703000000, 0x0000000800000000)
  region size 2048K, 10 young (20480K), 6 survivors (12288K)
 Metaspace       used 81967K, committed 82752K, reserved 1179648K
  class space    used 11513K, committed 11904K, reserved 1048576K

Heap Regions: E=young(eden), S=young(survivor), O=old, HS=humongous(starts), HC=humongous(continues), CS=collection set, F=free, TAMS=top-at-mark-start, PB=parsable bottom
|   0|0x0000000703000000, 0x0000000703200000, 0x0000000703200000|100%| O|  |TAMS 0x0000000703000000| PB 0x0000000703000000| Untracked 
|   1|0x0000000703200000, 0x0000000703400000, 0x0000000703400000|100%| O|  |TAMS 0x0000000703200000| PB 0x0000000703200000| Untracked 
|   2|0x0000000703400000, 0x0000000703600000, 0x0000000703600000|100%| O|  |TAMS 0x0000000703400000| PB 0x0000000703400000| Untracked 
|   3|0x0000000703600000, 0x0000000703800000, 0x0000000703800000|100%| O|  |TAMS 0x0000000703600000| PB 0x0000000703600000| Untracked 
|   4|0x0000000703800000, 0x0000000703a00000, 0x0000000703a00000|100%| O|  |TAMS 0x0000000703800000| PB 0x0000000703800000| Untracked 
|   5|0x0000000703a00000, 0x0000000703c00000, 0x0000000703c00000|100%| O|  |TAMS 0x0000000703a00000| PB 0x0000000703a00000| Untracked 
|   6|0x0000000703c00000, 0x0000000703e00000, 0x0000000703e00000|100%| O|  |TAMS 0x0000000703c00000| PB 0x0000000703c00000| Untracked 
|   7|0x0000000703e00000, 0x0000000704000000, 0x0000000704000000|100%| O|  |TAMS 0x0000000703e00000| PB 0x0000000703e00000| Untracked 
|   8|0x0000000704000000, 0x0000000704200000, 0x0000000704200000|100%| O|  |TAMS 0x0000000704000000| PB 0x0000000704000000| Untracked 
|   9|0x0000000704200000, 0x0000000704400000, 0x0000000704400000|100%| O|  |TAMS 0x0000000704200000| PB 0x0000000704200000| Untracked 
|  10|0x0000000704400000, 0x0000000704600000, 0x0000000704600000|100%| O|  |TAMS 0x0000000704400000| PB 0x0000000704400000| Untracked 
|  11|0x0000000704600000, 0x0000000704800000, 0x0000000704800000|100%| O|  |TAMS 0x0000000704600000| PB 0x0000000704600000| Untracked 
|  12|0x0000000704800000, 0x0000000704a00000, 0x0000000704a00000|100%| O|  |TAMS 0x0000000704800000| PB 0x0000000704800000| Untracked 
|  13|0x0000000704a00000, 0x0000000704c00000, 0x0000000704c00000|100%| O|  |TAMS 0x0000000704a00000| PB 0x0000000704a00000| Untracked 
|  14|0x0000000704c00000, 0x0000000704e00000, 0x0000000704e00000|100%| O|  |TAMS 0x0000000704c00000| PB 0x0000000704c00000| Untracked 
|  15|0x0000000704e00000, 0x0000000705000000, 0x0000000705000000|100%| O|  |TAMS 0x0000000704e00000| PB 0x0000000704e00000| Untracked 
|  16|0x0000000705000000, 0x0000000705200000, 0x0000000705200000|100%| O|  |TAMS 0x0000000705000000| PB 0x0000000705000000| Untracked 
|  17|0x0000000705200000, 0x0000000705400000, 0x0000000705400000|100%| O|  |TAMS 0x0000000705200000| PB 0x0000000705200000| Untracked 
|  18|0x0000000705400000, 0x00000007054e0190, 0x0000000705600000| 43%| O|  |TAMS 0x0000000705400000| PB 0x0000000705400000| Untracked 
|  19|0x0000000705600000, 0x0000000705600000, 0x0000000705800000|  0%| F|  |TAMS 0x0000000705600000| PB 0x0000000705600000| Untracked 
|  20|0x0000000705800000, 0x0000000705a00000, 0x0000000705a00000|100%| O|  |TAMS 0x0000000705800000| PB 0x0000000705800000| Untracked 
|  21|0x0000000705a00000, 0x0000000705a00000, 0x0000000705c00000|  0%| F|  |TAMS 0x0000000705a00000| PB 0x0000000705a00000| Untracked 
|  22|0x0000000705c00000, 0x0000000705c00000, 0x0000000705e00000|  0%| F|  |TAMS 0x0000000705c00000| PB 0x0000000705c00000| Untracked 
|  23|0x0000000705e00000, 0x0000000706000000, 0x0000000706000000|100%| S|CS|TAMS 0x0000000705e00000| PB 0x0000000705e00000| Complete 
|  24|0x0000000706000000, 0x0000000706200000, 0x0000000706200000|100%| S|CS|TAMS 0x0000000706000000| PB 0x0000000706000000| Complete 
|  25|0x0000000706200000, 0x0000000706200000, 0x0000000706400000|  0%| F|  |TAMS 0x0000000706200000| PB 0x0000000706200000| Untracked 
|  26|0x0000000706400000, 0x0000000706400000, 0x0000000706600000|  0%| F|  |TAMS 0x0000000706400000| PB 0x0000000706400000| Untracked 
|  27|0x0000000706600000, 0x0000000706600000, 0x0000000706800000|  0%| F|  |TAMS 0x0000000706600000| PB 0x0000000706600000| Untracked 
|  28|0x0000000706800000, 0x0000000706a00000, 0x0000000706a00000|100%| S|CS|TAMS 0x0000000706800000| PB 0x0000000706800000| Complete 
|  29|0x0000000706a00000, 0x0000000706c00000, 0x0000000706c00000|100%| S|CS|TAMS 0x0000000706a00000| PB 0x0000000706a00000| Complete 
|  30|0x0000000706c00000, 0x0000000706e00000, 0x0000000706e00000|100%| S|CS|TAMS 0x0000000706c00000| PB 0x0000000706c00000| Complete 
|  31|0x0000000706e00000, 0x0000000707000000, 0x0000000707000000|100%| S|CS|TAMS 0x0000000706e00000| PB 0x0000000706e00000| Complete 
|  32|0x0000000707000000, 0x0000000707000000, 0x0000000707200000|  0%| F|  |TAMS 0x0000000707000000| PB 0x0000000707000000| Untracked 
|  33|0x0000000707200000, 0x0000000707200000, 0x0000000707400000|  0%| F|  |TAMS 0x0000000707200000| PB 0x0000000707200000| Untracked 
|  34|0x0000000707400000, 0x0000000707400000, 0x0000000707600000|  0%| F|  |TAMS 0x0000000707400000| PB 0x0000000707400000| Untracked 
|  35|0x0000000707600000, 0x0000000707600000, 0x0000000707800000|  0%| F|  |TAMS 0x0000000707600000| PB 0x0000000707600000| Untracked 
|  36|0x0000000707800000, 0x0000000707800000, 0x0000000707a00000|  0%| F|  |TAMS 0x0000000707800000| PB 0x0000000707800000| Untracked 
|  37|0x0000000707a00000, 0x0000000707a00000, 0x0000000707c00000|  0%| F|  |TAMS 0x0000000707a00000| PB 0x0000000707a00000| Untracked 
|  38|0x0000000707c00000, 0x0000000707c00000, 0x0000000707e00000|  0%| F|  |TAMS 0x0000000707c00000| PB 0x0000000707c00000| Untracked 
|  39|0x0000000707e00000, 0x0000000707e00000, 0x0000000708000000|  0%| F|  |TAMS 0x0000000707e00000| PB 0x0000000707e00000| Untracked 
|  40|0x0000000708000000, 0x0000000708000000, 0x0000000708200000|  0%| F|  |TAMS 0x0000000708000000| PB 0x0000000708000000| Untracked 
|  41|0x0000000708200000, 0x0000000708200000, 0x0000000708400000|  0%| F|  |TAMS 0x0000000708200000| PB 0x0000000708200000| Untracked 
|  42|0x0000000708400000, 0x0000000708400000, 0x0000000708600000|  0%| F|  |TAMS 0x0000000708400000| PB 0x0000000708400000| Untracked 
|  43|0x0000000708600000, 0x0000000708600000, 0x0000000708800000|  0%| F|  |TAMS 0x0000000708600000| PB 0x0000000708600000| Untracked 
|  44|0x0000000708800000, 0x0000000708800000, 0x0000000708a00000|  0%| F|  |TAMS 0x0000000708800000| PB 0x0000000708800000| Untracked 
|  45|0x0000000708a00000, 0x0000000708a00000, 0x0000000708c00000|  0%| F|  |TAMS 0x0000000708a00000| PB 0x0000000708a00000| Untracked 
|  46|0x0000000708c00000, 0x0000000708c00000, 0x0000000708e00000|  0%| F|  |TAMS 0x0000000708c00000| PB 0x0000000708c00000| Untracked 
|  47|0x0000000708e00000, 0x0000000708e00000, 0x0000000709000000|  0%| F|  |TAMS 0x0000000708e00000| PB 0x0000000708e00000| Untracked 
|  48|0x0000000709000000, 0x0000000709000000, 0x0000000709200000|  0%| F|  |TAMS 0x0000000709000000| PB 0x0000000709000000| Untracked 
|  49|0x0000000709200000, 0x0000000709200000, 0x0000000709400000|  0%| F|  |TAMS 0x0000000709200000| PB 0x0000000709200000| Untracked 
|  50|0x0000000709400000, 0x0000000709400000, 0x0000000709600000|  0%| F|  |TAMS 0x0000000709400000| PB 0x0000000709400000| Untracked 
|  51|0x0000000709600000, 0x0000000709600000, 0x0000000709800000|  0%| F|  |TAMS 0x0000000709600000| PB 0x0000000709600000| Untracked 
|  52|0x0000000709800000, 0x0000000709800000, 0x0000000709a00000|  0%| F|  |TAMS 0x0000000709800000| PB 0x0000000709800000| Untracked 
|  53|0x0000000709a00000, 0x0000000709a00000, 0x0000000709c00000|  0%| F|  |TAMS 0x0000000709a00000| PB 0x0000000709a00000| Untracked 
|  54|0x0000000709c00000, 0x0000000709c00000, 0x0000000709e00000|  0%| F|  |TAMS 0x0000000709c00000| PB 0x0000000709c00000| Untracked 
|  55|0x0000000709e00000, 0x0000000709e00000, 0x000000070a000000|  0%| F|  |TAMS 0x0000000709e00000| PB 0x0000000709e00000| Untracked 
|  56|0x000000070a000000, 0x000000070a000000, 0x000000070a200000|  0%| F|  |TAMS 0x000000070a000000| PB 0x000000070a000000| Untracked 
|  57|0x000000070a200000, 0x000000070a200000, 0x000000070a400000|  0%| F|  |TAMS 0x000000070a200000| PB 0x000000070a200000| Untracked 
|  58|0x000000070a400000, 0x000000070a400000, 0x000000070a600000|  0%| F|  |TAMS 0x000000070a400000| PB 0x000000070a400000| Untracked 
|  59|0x000000070a600000, 0x000000070a600000, 0x000000070a800000|  0%| F|  |TAMS 0x000000070a600000| PB 0x000000070a600000| Untracked 
|  60|0x000000070a800000, 0x000000070a800000, 0x000000070aa00000|  0%| F|  |TAMS 0x000000070a800000| PB 0x000000070a800000| Untracked 
|  61|0x000000070aa00000, 0x000000070aa00000, 0x000000070ac00000|  0%| F|  |TAMS 0x000000070aa00000| PB 0x000000070aa00000| Untracked 
|  97|0x000000070f200000, 0x000000070f200000, 0x000000070f400000|  0%| F|  |TAMS 0x000000070f200000| PB 0x000000070f200000| Untracked 
|  98|0x000000070f400000, 0x000000070f400000, 0x000000070f600000|  0%| F|  |TAMS 0x000000070f400000| PB 0x000000070f400000| Untracked 
|  99|0x000000070f600000, 0x000000070f600000, 0x000000070f800000|  0%| F|  |TAMS 0x000000070f600000| PB 0x000000070f600000| Untracked 
| 100|0x000000070f800000, 0x000000070f800000, 0x000000070fa00000|  0%| F|  |TAMS 0x000000070f800000| PB 0x000000070f800000| Untracked 
| 101|0x000000070fa00000, 0x000000070fa00000, 0x000000070fc00000|  0%| F|  |TAMS 0x000000070fa00000| PB 0x000000070fa00000| Untracked 
| 102|0x000000070fc00000, 0x000000070fc00000, 0x000000070fe00000|  0%| F|  |TAMS 0x000000070fc00000| PB 0x000000070fc00000| Untracked 
| 103|0x000000070fe00000, 0x000000070fe00000, 0x0000000710000000|  0%| F|  |TAMS 0x000000070fe00000| PB 0x000000070fe00000| Untracked 
| 104|0x0000000710000000, 0x0000000710000000, 0x0000000710200000|  0%| F|  |TAMS 0x0000000710000000| PB 0x0000000710000000| Untracked 
| 105|0x0000000710200000, 0x0000000710200000, 0x0000000710400000|  0%| F|  |TAMS 0x0000000710200000| PB 0x0000000710200000| Untracked 
| 106|0x0000000710400000, 0x0000000710400000, 0x0000000710600000|  0%| F|  |TAMS 0x0000000710400000| PB 0x0000000710400000| Untracked 
| 107|0x0000000710600000, 0x0000000710600000, 0x0000000710800000|  0%| F|  |TAMS 0x0000000710600000| PB 0x0000000710600000| Untracked 
| 108|0x0000000710800000, 0x0000000710900000, 0x0000000710a00000| 50%| E|  |TAMS 0x0000000710800000| PB 0x0000000710800000| Complete 
| 109|0x0000000710a00000, 0x0000000710c00000, 0x0000000710c00000|100%| E|CS|TAMS 0x0000000710a00000| PB 0x0000000710a00000| Complete 
| 110|0x0000000710c00000, 0x0000000710e00000, 0x0000000710e00000|100%| E|CS|TAMS 0x0000000710c00000| PB 0x0000000710c00000| Complete 
| 126|0x0000000712c00000, 0x0000000712e00000, 0x0000000712e00000|100%| E|CS|TAMS 0x0000000712c00000| PB 0x0000000712c00000| Complete 
|2021|0x00000007ffa00000, 0x00000007ffc00000, 0x00000007ffc00000|100%| O|  |TAMS 0x00000007ffa00000| PB 0x00000007ffa00000| Untracked 
|2022|0x00000007ffc00000, 0x00000007ffe00000, 0x00000007ffe00000|100%| O|  |TAMS 0x00000007ffc00000| PB 0x00000007ffc00000| Untracked 
|2023|0x00000007ffe00000, 0x0000000800000000, 0x0000000800000000|100%| O|  |TAMS 0x00000007ffe00000| PB 0x00000007ffe00000| Untracked 

Card table byte_map: [0x000002ccbab40000,0x000002ccbb330000] _byte_map_base: 0x000002ccb7328000

Marking Bits: (CMBitMap*) 0x000002cca2963ac0
 Bits: [0x000002ccbb330000, 0x000002ccbf270000)

Polling page: 0x000002cca07c0000

Metaspace:

Usage:
  Non-class:     68.80 MB used.
      Class:     11.24 MB used.
       Both:     80.05 MB used.

Virtual space:
  Non-class space:      128.00 MB reserved,      69.19 MB ( 54%) committed,  2 nodes.
      Class space:        1.00 GB reserved,      11.62 MB (  1%) committed,  1 nodes.
             Both:        1.12 GB reserved,      80.81 MB (  7%) committed. 

Chunk freelists:
   Non-Class:  10.09 MB
       Class:  4.42 MB
        Both:  14.51 MB

MaxMetaspaceSize: unlimited
CompressedClassSpaceSize: 1.00 GB
Initial GC threshold: 21.00 MB
Current GC threshold: 130.25 MB
CDS: on
 - commit_granule_bytes: 65536.
 - commit_granule_words: 8192.
 - virtual_space_node_default_size: 8388608.
 - enlarge_chunks_in_place: 1.
 - use_allocation_guard: 0.


Internal statistics:

num_allocs_failed_limit: 8.
num_arena_births: 1112.
num_arena_deaths: 8.
num_vsnodes_births: 3.
num_vsnodes_deaths: 0.
num_space_committed: 1293.
num_space_uncommitted: 0.
num_chunks_returned_to_freelist: 20.
num_chunks_taken_from_freelist: 4069.
num_chunk_merges: 8.
num_chunk_splits: 2935.
num_chunks_enlarged: 2282.
num_inconsistent_stats: 0.

CodeHeap 'non-profiled nmethods': size=120000Kb used=5148Kb max_used=5148Kb free=114851Kb
 bounds [0x000002ccb2ae0000, 0x000002ccb2ff0000, 0x000002ccba010000]
CodeHeap 'profiled nmethods': size=120000Kb used=14491Kb max_used=14491Kb free=105508Kb
 bounds [0x000002ccab010000, 0x000002ccabe40000, 0x000002ccb2540000]
CodeHeap 'non-nmethods': size=5760Kb used=1591Kb max_used=1679Kb free=4168Kb
 bounds [0x000002ccb2540000, 0x000002ccb27b0000, 0x000002ccb2ae0000]
CodeCache: size=245760Kb, used=21230Kb, max_used=21318Kb, free=224527Kb
 total_blobs=8704, nmethods=7966, adapters=641, full_count=0
Compilation: enabled, stopped_count=0, restarted_count=0

Compilation events (20 events):
Event: 161.292 Thread 0x000002ccc1cbffd0 9330       1       org.postgresql.jdbc.PgStatement::getForceBinaryTransfer (5 bytes)
Event: 161.292 Thread 0x000002ccc1cbffd0 nmethod 9330 0x000002ccb2fe4310 code [0x000002ccb2fe44a0, 0x000002ccb2fe4570]
Event: 161.293 Thread 0x000002ccc1cbffd0 9331       1       org.postgresql.jdbc.PgStatement::getResultSetHoldability (5 bytes)
Event: 161.293 Thread 0x000002ccc1cbffd0 nmethod 9331 0x000002ccb2fe4610 code [0x000002ccb2fe47a0, 0x000002ccb2fe4868]
Event: 161.294 Thread 0x000002ccc1cbffd0 9332       1       org.hibernate.persister.entity.AbstractEntityPersister::getEntityEntryFactory (5 bytes)
Event: 161.294 Thread 0x000002ccc1cbffd0 nmethod 9332 0x000002ccb2fe4910 code [0x000002ccb2fe4aa0, 0x000002ccb2fe4b70]
Event: 161.294 Thread 0x000002ccc1cbffd0 9333       1       org.hibernate.engine.internal.AbstractEntityEntry$EnumState::getMask (5 bytes)
Event: 161.294 Thread 0x000002ccc1cbffd0 nmethod 9333 0x000002ccb2fe4c10 code [0x000002ccb2fe4da0, 0x000002ccb2fe4e68]
Event: 161.295 Thread 0x000002ccc1cbffd0 9334       1       org.hibernate.engine.internal.AbstractEntityEntry$EnumState::getEnumConstants (5 bytes)
Event: 161.295 Thread 0x000002ccc1cbffd0 nmethod 9334 0x000002ccb2fe4f10 code [0x000002ccb2fe50a0, 0x000002ccb2fe5170]
Event: 161.296 Thread 0x000002ccc1cbffd0 9335       3       org.hibernate.resource.jdbc.internal.ResourceRegistryStandardImpl::closeAll (19 bytes)
Event: 161.297 Thread 0x000002ccc1cbffd0 nmethod 9335 0x000002ccabe24a90 code [0x000002ccabe24c80, 0x000002ccabe250f8]
Event: 161.297 Thread 0x000002ccc1cbffd0 9336       1       org.hibernate.engine.internal.EntityEntryContext$ManagedEntityImpl::$$_hibernate_getNextManagedEntity (5 bytes)
Event: 161.297 Thread 0x000002ccc1cbffd0 nmethod 9336 0x000002ccb2fe5210 code [0x000002ccb2fe53a0, 0x000002ccb2fe5470]
Event: 161.299 Thread 0x000002ccc1cbffd0 9337       1       org.apache.coyote.Response::getStatus (5 bytes)
Event: 161.299 Thread 0x000002ccc1cbffd0 nmethod 9337 0x000002ccb2fe5510 code [0x000002ccb2fe56a0, 0x000002ccb2fe5768]
Event: 162.026 Thread 0x000002ccc1cbffd0 9349       2       java.nio.channels.spi.AbstractSelectionKey::isValid (13 bytes)
Event: 162.026 Thread 0x000002ccc1cbffd0 nmethod 9349 0x000002ccabe25210 code [0x000002ccabe253a0, 0x000002ccabe254b8]
Event: 162.111 Thread 0x000002ccc1cbffd0 9354   !   2       java.lang.Thread::blockedOn (27 bytes)
Event: 162.111 Thread 0x000002ccc1cbffd0 nmethod 9354 0x000002ccabe25590 code [0x000002ccabe25740, 0x000002ccabe25990]

GC Heap History (20 events):
Event: 29.018 GC heap before
{Heap before GC invocations=27 (full 0):
 garbage-first heap   total 116736K, used 97245K [0x0000000703000000, 0x0000000800000000)
  region size 2048K, 34 young (69632K), 2 survivors (4096K)
 Metaspace       used 70045K, committed 70720K, reserved 1114112K
  class space    used 9812K, committed 10112K, reserved 1048576K
}
Event: 29.024 GC heap after
{Heap after GC invocations=28 (full 0):
 garbage-first heap   total 116736K, used 32612K [0x0000000703000000, 0x0000000800000000)
  region size 2048K, 2 young (4096K), 2 survivors (4096K)
 Metaspace       used 70045K, committed 70720K, reserved 1114112K
  class space    used 9812K, committed 10112K, reserved 1048576K
}
Event: 40.775 GC heap before
{Heap before GC invocations=28 (full 0):
 garbage-first heap   total 116736K, used 98148K [0x0000000703000000, 0x0000000800000000)
  region size 2048K, 34 young (69632K), 2 survivors (4096K)
 Metaspace       used 75933K, committed 76736K, reserved 1179648K
  class space    used 10600K, committed 10944K, reserved 1048576K
}
Event: 40.793 GC heap after
{Heap after GC invocations=29 (full 0):
 garbage-first heap   total 116736K, used 38053K [0x0000000703000000, 0x0000000800000000)
  region size 2048K, 5 young (10240K), 5 survivors (10240K)
 Metaspace       used 75933K, committed 76736K, reserved 1179648K
  class space    used 10600K, committed 10944K, reserved 1048576K
}
Event: 41.857 GC heap before
{Heap before GC invocations=29 (full 0):
 garbage-first heap   total 116736K, used 97445K [0x0000000703000000, 0x0000000800000000)
  region size 2048K, 34 young (69632K), 5 survivors (10240K)
 Metaspace       used 79171K, committed 79936K, reserved 1179648K
  class space    used 11159K, committed 11520K, reserved 1048576K
}
Event: 41.878 GC heap after
{Heap after GC invocations=30 (full 0):
 garbage-first heap   total 116736K, used 40706K [0x0000000703000000, 0x0000000800000000)
  region size 2048K, 2 young (4096K), 2 survivors (4096K)
 Metaspace       used 79171K, committed 79936K, reserved 1179648K
  class space    used 11159K, committed 11520K, reserved 1048576K
}
Event: 42.037 GC heap before
{Heap before GC invocations=30 (full 0):
 garbage-first heap   total 116736K, used 104194K [0x0000000703000000, 0x0000000800000000)
  region size 2048K, 33 young (67584K), 2 survivors (4096K)
 Metaspace       used 79178K, committed 80000K, reserved 1179648K
  class space    used 11159K, committed 11520K, reserved 1048576K
}
Event: 42.044 GC heap after
{Heap after GC invocations=31 (full 0):
 garbage-first heap   total 116736K, used 41648K [0x0000000703000000, 0x0000000800000000)
  region size 2048K, 2 young (4096K), 2 survivors (4096K)
 Metaspace       used 79178K, committed 80000K, reserved 1179648K
  class space    used 11159K, committed 11520K, reserved 1048576K
}
Event: 42.231 GC heap before
{Heap before GC invocations=32 (full 0):
 garbage-first heap   total 116736K, used 107184K [0x0000000703000000, 0x0000000800000000)
  region size 2048K, 34 young (69632K), 2 survivors (4096K)
 Metaspace       used 79170K, committed 80000K, reserved 1179648K
  class space    used 11157K, committed 11520K, reserved 1048576K
}
Event: 42.240 GC heap after
{Heap after GC invocations=33 (full 0):
 garbage-first heap   total 116736K, used 43473K [0x0000000703000000, 0x0000000800000000)
  region size 2048K, 3 young (6144K), 3 survivors (6144K)
 Metaspace       used 79170K, committed 80000K, reserved 1179648K
  class space    used 11157K, committed 11520K, reserved 1048576K
}
Event: 42.359 GC heap before
{Heap before GC invocations=33 (full 0):
 garbage-first heap   total 116736K, used 106961K [0x0000000703000000, 0x0000000800000000)
  region size 2048K, 34 young (69632K), 3 survivors (6144K)
 Metaspace       used 79170K, committed 80000K, reserved 1179648K
  class space    used 11157K, committed 11520K, reserved 1048576K
}
Event: 42.371 GC heap after
{Heap after GC invocations=34 (full 0):
 garbage-first heap   total 118784K, used 44915K [0x0000000703000000, 0x0000000800000000)
  region size 2048K, 3 young (6144K), 3 survivors (6144K)
 Metaspace       used 79170K, committed 80000K, reserved 1179648K
  class space    used 11157K, committed 11520K, reserved 1048576K
}
Event: 42.490 GC heap before
{Heap before GC invocations=34 (full 0):
 garbage-first heap   total 118784K, used 108403K [0x0000000703000000, 0x0000000800000000)
  region size 2048K, 34 young (69632K), 3 survivors (6144K)
 Metaspace       used 79170K, committed 80000K, reserved 1179648K
  class space    used 11157K, committed 11520K, reserved 1048576K
}
Event: 42.500 GC heap after
{Heap after GC invocations=35 (full 0):
 garbage-first heap   total 235520K, used 46232K [0x0000000703000000, 0x0000000800000000)
  region size 2048K, 4 young (8192K), 4 survivors (8192K)
 Metaspace       used 79170K, committed 80000K, reserved 1179648K
  class space    used 11157K, committed 11520K, reserved 1048576K
}
Event: 42.726 GC heap before
{Heap before GC invocations=36 (full 0):
 garbage-first heap   total 163840K, used 136344K [0x0000000703000000, 0x0000000800000000)
  region size 2048K, 48 young (98304K), 4 survivors (8192K)
 Metaspace       used 79170K, committed 80000K, reserved 1179648K
  class space    used 11157K, committed 11520K, reserved 1048576K
}
Event: 42.737 GC heap after
{Heap after GC invocations=37 (full 0):
 garbage-first heap   total 163840K, used 48968K [0x0000000703000000, 0x0000000800000000)
  region size 2048K, 5 young (10240K), 5 survivors (10240K)
 Metaspace       used 79170K, committed 80000K, reserved 1179648K
  class space    used 11157K, committed 11520K, reserved 1048576K
}
Event: 42.919 GC heap before
{Heap before GC invocations=37 (full 0):
 garbage-first heap   total 163840K, used 137032K [0x0000000703000000, 0x0000000800000000)
  region size 2048K, 48 young (98304K), 5 survivors (10240K)
 Metaspace       used 79171K, committed 80000K, reserved 1179648K
  class space    used 11158K, committed 11520K, reserved 1048576K
}
Event: 42.932 GC heap after
{Heap after GC invocations=38 (full 0):
 garbage-first heap   total 163840K, used 50841K [0x0000000703000000, 0x0000000800000000)
  region size 2048K, 4 young (8192K), 4 survivors (8192K)
 Metaspace       used 79171K, committed 80000K, reserved 1179648K
  class space    used 11158K, committed 11520K, reserved 1048576K
}
Event: 161.889 GC heap before
{Heap before GC invocations=38 (full 0):
 garbage-first heap   total 163840K, used 140953K [0x0000000703000000, 0x0000000800000000)
  region size 2048K, 48 young (98304K), 4 survivors (8192K)
 Metaspace       used 81927K, committed 82688K, reserved 1179648K
  class space    used 11513K, committed 11904K, reserved 1048576K
}
Event: 161.913 GC heap after
{Heap after GC invocations=39 (full 0):
 garbage-first heap   total 163840K, used 58240K [0x0000000703000000, 0x0000000800000000)
  region size 2048K, 6 young (12288K), 6 survivors (12288K)
 Metaspace       used 81927K, committed 82688K, reserved 1179648K
  class space    used 11513K, committed 11904K, reserved 1048576K
}

Dll operation events (13 events):
Event: 0.141 Loaded shared library C:\Users\med\.jdks\ms-21.0.10\bin\java.dll
Event: 0.280 Loaded shared library C:\Users\med\.jdks\ms-21.0.10\bin\jsvml.dll
Event: 0.617 Loaded shared library C:\Users\med\.jdks\ms-21.0.10\bin\zip.dll
Event: 0.628 Loaded shared library C:\Users\med\.jdks\ms-21.0.10\bin\instrument.dll
Event: 0.649 Loaded shared library C:\Users\med\.jdks\ms-21.0.10\bin\net.dll
Event: 0.657 Loaded shared library C:\Users\med\.jdks\ms-21.0.10\bin\nio.dll
Event: 0.801 Loaded shared library C:\Users\med\.jdks\ms-21.0.10\bin\zip.dll
Event: 1.218 Loaded shared library C:\Users\med\.jdks\ms-21.0.10\bin\jimage.dll
Event: 9.901 Loaded shared library C:\Users\med\.jdks\ms-21.0.10\bin\extnet.dll
Event: 9.930 Loaded shared library C:\Users\med\.jdks\ms-21.0.10\bin\management.dll
Event: 9.970 Loaded shared library C:\Users\med\.jdks\ms-21.0.10\bin\management_ext.dll
Event: 14.468 Loaded shared library C:\Users\med\.jdks\ms-21.0.10\bin\sunmscapi.dll
Event: 20.373 Loaded shared library C:\Users\med\.jdks\ms-21.0.10\bin\verify.dll

Deoptimization events (20 events):
Event: 162.308 Thread 0x000002cd0a5d46e0 Uncommon trap: reason=class_check action=maybe_recompile pc=0x000002ccb2fc0d5c method=com.fasterxml.jackson.databind.ser.std.StdSerializer.wrapAndThrow(Lcom/fasterxml/jackson/databind/SerializerProvider;Ljava/lang/Throwable;Ljava/lang/Object;Ljava/lang/St
Event: 162.308 Thread 0x000002cd0a5d1260 DEOPT UNPACKING pc=0x000002ccb2594422 sp=0x000000e0c016d6e8 mode 2
Event: 162.308 Thread 0x000002cd0a5d6120 Uncommon trap: reason=class_check action=maybe_recompile pc=0x000002ccb2fc0d5c method=com.fasterxml.jackson.databind.ser.std.StdSerializer.wrapAndThrow(Lcom/fasterxml/jackson/databind/SerializerProvider;Ljava/lang/Throwable;Ljava/lang/Object;Ljava/lang/St
Event: 162.308 Thread 0x000002cd0a5d46e0 DEOPT PACKING pc=0x000002ccb2fc0d5c sp=0x000000e0bfe5e470
Event: 162.308 Thread 0x000002cd0a5d6120 DEOPT PACKING pc=0x000002ccb2fc0d5c sp=0x000000e0bff67ff0
Event: 162.308 Thread 0x000002cd0a5d46e0 DEOPT UNPACKING pc=0x000002ccb2594422 sp=0x000000e0bfe5e228 mode 2
Event: 162.308 Thread 0x000002cd0a5d1260 Uncommon trap: trap_request=0xffffffde fr.pc=0x000002ccb2fc0d5c relative=0x000000000000537c
Event: 162.308 Thread 0x000002cd0a5d1260 Uncommon trap: reason=class_check action=maybe_recompile pc=0x000002ccb2fc0d5c method=com.fasterxml.jackson.databind.ser.std.StdSerializer.wrapAndThrow(Lcom/fasterxml/jackson/databind/SerializerProvider;Ljava/lang/Throwable;Ljava/lang/Object;Ljava/lang/St
Event: 162.308 Thread 0x000002cd0a5d6120 DEOPT UNPACKING pc=0x000002ccb2594422 sp=0x000000e0bff67da8 mode 2
Event: 162.308 Thread 0x000002cd0a5d46e0 Uncommon trap: trap_request=0xffffffde fr.pc=0x000002ccb2fc0d5c relative=0x000000000000537c
Event: 162.308 Thread 0x000002cd0a5d1260 DEOPT PACKING pc=0x000002ccb2fc0d5c sp=0x000000e0c016da70
Event: 162.308 Thread 0x000002cd0a5d46e0 Uncommon trap: reason=class_check action=maybe_recompile pc=0x000002ccb2fc0d5c method=com.fasterxml.jackson.databind.ser.std.StdSerializer.wrapAndThrow(Lcom/fasterxml/jackson/databind/SerializerProvider;Ljava/lang/Throwable;Ljava/lang/Object;Ljava/lang/St
Event: 162.309 Thread 0x000002cd0a5d1260 DEOPT UNPACKING pc=0x000002ccb2594422 sp=0x000000e0c016d828 mode 2
Event: 162.309 Thread 0x000002cd0a5d6120 Uncommon trap: trap_request=0xffffffde fr.pc=0x000002ccb2fc0d5c relative=0x000000000000537c
Event: 162.309 Thread 0x000002cd0a5d46e0 DEOPT PACKING pc=0x000002ccb2fc0d5c sp=0x000000e0bfe5e5b0
Event: 162.309 Thread 0x000002cd0a5d6120 Uncommon trap: reason=class_check action=maybe_recompile pc=0x000002ccb2fc0d5c method=com.fasterxml.jackson.databind.ser.std.StdSerializer.wrapAndThrow(Lcom/fasterxml/jackson/databind/SerializerProvider;Ljava/lang/Throwable;Ljava/lang/Object;Ljava/lang/St
Event: 162.309 Thread 0x000002cd0a5d1260 Uncommon trap: trap_request=0xffffffde fr.pc=0x000002ccb2fc0d5c relative=0x000000000000537c
Event: 162.309 Thread 0x000002cd0a5d46e0 DEOPT UNPACKING pc=0x000002ccb2594422 sp=0x000000e0bfe5e368 mode 2
Event: 162.309 Thread 0x000002cd0a5d1260 Uncommon trap: reason=class_check action=maybe_recompile pc=0x000002ccb2fc0d5c method=com.fasterxml.jackson.databind.ser.std.StdSerializer.wrapAndThrow(Lcom/fasterxml/jackson/databind/SerializerProvider;Ljava/lang/Throwable;Ljava/lang/Object;Ljava/lang/St
Event: 162.309 Thread 0x000002cd0a5d6120 DEOPT PACKING pc=0x000002ccb2fc0d5c sp=0x000000e0bff68130

Classes loaded (20 events):
Event: 43.183 Loading class java/util/stream/Nodes$IntFixedNodeBuilder
Event: 43.184 Loading class java/util/stream/Node$Builder$OfInt
Event: 43.184 Loading class java/util/stream/Node$Builder$OfInt done
Event: 43.184 Loading class java/util/stream/Nodes$IntArrayNode
Event: 43.184 Loading class java/util/stream/Nodes$IntArrayNode done
Event: 43.185 Loading class java/util/stream/Nodes$IntFixedNodeBuilder done
Event: 43.248 Loading class java/util/stream/SliceOps
Event: 43.248 Loading class java/util/stream/SliceOps done
Event: 43.248 Loading class java/util/stream/SliceOps$1
Event: 43.249 Loading class java/util/stream/SliceOps$1 done
Event: 43.257 Loading class java/util/stream/SliceOps$1$1
Event: 43.258 Loading class java/util/stream/SliceOps$1$1 done
Event: 43.377 Loading class java/util/stream/LongStream
Event: 43.378 Loading class java/util/stream/LongStream done
Event: 43.451 Loading class org/w3c/dom/Node
Event: 43.452 Loading class org/w3c/dom/Node done
Event: 43.452 Loading class org/w3c/dom/Document
Event: 43.453 Loading class org/w3c/dom/Document done
Event: 71.058 Loading class javax/management/remote/rmi/RMIConnectionImpl$PrivilegedOperation
Event: 71.058 Loading class javax/management/remote/rmi/RMIConnectionImpl$PrivilegedOperation done

Classes unloaded (4 events):
Event: 42.143 Thread 0x000002ccc1c93f50 Unloading class 0x000002ccc39ea800 'jdk/internal/reflect/GeneratedSerializationConstructorAccessor13'
Event: 42.143 Thread 0x000002ccc1c93f50 Unloading class 0x000002ccc39ea400 'jdk/internal/reflect/GeneratedSerializationConstructorAccessor12'
Event: 42.143 Thread 0x000002ccc1c93f50 Unloading class 0x000002ccc39e4c00 'jdk/internal/reflect/GeneratedSerializationConstructorAccessor11'
Event: 42.143 Thread 0x000002ccc1c93f50 Unloading class 0x000002ccc39e4000 'jdk/internal/reflect/GeneratedSerializationConstructorAccessor10'

Classes redefined (0 events):
No events

Internal exceptions (20 events):
Event: 44.063 Thread 0x000002cd0a5d18f0 StackOverflowError at 0x000002ccb2b24d60
Event: 44.063 Thread 0x000002cd0a5d18f0 Exception <a 'java/lang/StackOverflowError'{0x0000000708dbc6f0}> (0x0000000708dbc6f0) 
thrown [s\src\hotspot\share\runtime\sharedRuntime.cpp, line 625]
Event: 44.071 Thread 0x000002cd0a5d18f0 Exception <a 'java/io/IOException'{0x0000000708dda770}> (0x0000000708dda770) 
thrown [s\src\hotspot\share\prims\jni.cpp, line 520]
Event: 44.073 Thread 0x000002cd0a5d18f0 Exception <a 'java/io/IOException'{0x0000000708de0b20}> (0x0000000708de0b20) 
thrown [s\src\hotspot\share\prims\jni.cpp, line 520]
Event: 44.082 Thread 0x000002cd0a5d6120 StackOverflowError at 0x000002ccabd77b40
Event: 44.082 Thread 0x000002cd0a5d6120 Exception <a 'java/lang/StackOverflowError'{0x0000000708a25e38}> (0x0000000708a25e38) 
thrown [s\src\hotspot\share\runtime\sharedRuntime.cpp, line 625]
Event: 44.092 Thread 0x000002cd0a5d6120 Exception <a 'java/io/IOException'{0x0000000708b70b80}> (0x0000000708b70b80) 
thrown [s\src\hotspot\share\prims\jni.cpp, line 520]
Event: 44.094 Thread 0x000002cd0a5d6120 Exception <a 'java/io/IOException'{0x0000000708b74dc0}> (0x0000000708b74dc0) 
thrown [s\src\hotspot\share\prims\jni.cpp, line 520]
Event: 44.134 Thread 0x000002cd0a5d2610 StackOverflowError at 0x000002ccb2b24d60
Event: 44.134 Thread 0x000002cd0a5d2610 Exception <a 'java/lang/StackOverflowError'{0x0000000708913ee0}> (0x0000000708913ee0) 
thrown [s\src\hotspot\share\runtime\sharedRuntime.cpp, line 625]
Event: 44.135 Thread 0x000002cd0a5d81f0 StackOverflowError at 0x000002ccabd77b40
Event: 44.136 Thread 0x000002cd0a5d81f0 Exception <a 'java/lang/StackOverflowError'{0x000000070881aa58}> (0x000000070881aa58) 
thrown [s\src\hotspot\share\runtime\sharedRuntime.cpp, line 625]
Event: 44.141 Thread 0x000002cd0a5d2610 Exception <a 'java/io/IOException'{0x0000000708932068}> (0x0000000708932068) 
thrown [s\src\hotspot\share\prims\jni.cpp, line 520]
Event: 44.141 Thread 0x000002cd0a5d81f0 Exception <a 'java/io/IOException'{0x0000000708838d10}> (0x0000000708838d10) 
thrown [s\src\hotspot\share\prims\jni.cpp, line 520]
Event: 44.143 Thread 0x000002cd0a5d81f0 Exception <a 'java/io/IOException'{0x000000070883cdf0}> (0x000000070883cdf0) 
thrown [s\src\hotspot\share\prims\jni.cpp, line 520]
Event: 44.146 Thread 0x000002cd0a5d2610 Exception <a 'java/io/IOException'{0x00000007089362a8}> (0x00000007089362a8) 
thrown [s\src\hotspot\share\prims\jni.cpp, line 520]
Event: 162.191 Thread 0x000002cd0a5d6120 Exception <a 'java/io/IOException'{0x0000000710aeb768}> (0x0000000710aeb768) 
thrown [s\src\hotspot\share\prims\jni.cpp, line 520]
Event: 162.191 Thread 0x000002cd0a5d8880 Exception <a 'java/io/IOException'{0x0000000710b4a088}> (0x0000000710b4a088) 
thrown [s\src\hotspot\share\prims\jni.cpp, line 520]
Event: 162.214 Thread 0x000002cd0a5d1260 Exception <a 'java/io/IOException'{0x0000000710b6a360}> (0x0000000710b6a360) 
thrown [s\src\hotspot\share\prims\jni.cpp, line 520]
Event: 162.214 Thread 0x000002cd0a5d46e0 Exception <a 'java/io/IOException'{0x0000000710ab2498}> (0x0000000710ab2498) 
thrown [s\src\hotspot\share\prims\jni.cpp, line 520]

ZGC Phase Switch (0 events):
No events

VM Operations (20 events):
Event: 60.270 Executing non-safepoint VM operation: HandshakeAllThreads (HandshakeForDeflation)
Event: 60.270 Executing non-safepoint VM operation: HandshakeAllThreads (HandshakeForDeflation) done
Event: 60.270 Executing non-safepoint VM operation: RendezvousGCThreads
Event: 60.270 Executing non-safepoint VM operation: RendezvousGCThreads done
Event: 65.318 Executing safepoint VM operation: Cleanup
Event: 65.318 Executing safepoint VM operation: Cleanup done
Event: 84.369 Executing safepoint VM operation: Cleanup
Event: 84.369 Executing safepoint VM operation: Cleanup done
Event: 99.488 Executing safepoint VM operation: Cleanup
Event: 99.488 Executing safepoint VM operation: Cleanup done
Event: 104.490 Executing safepoint VM operation: Cleanup
Event: 104.490 Executing safepoint VM operation: Cleanup done
Event: 109.494 Executing safepoint VM operation: Cleanup
Event: 109.494 Executing safepoint VM operation: Cleanup done
Event: 131.704 Executing safepoint VM operation: Cleanup
Event: 131.704 Executing safepoint VM operation: Cleanup done
Event: 160.969 Executing safepoint VM operation: Cleanup
Event: 160.970 Executing safepoint VM operation: Cleanup done
Event: 161.889 Executing safepoint VM operation: G1CollectForAllocation (G1 Evacuation Pause)
Event: 161.913 Executing safepoint VM operation: G1CollectForAllocation (G1 Evacuation Pause) done

Memory protections (0 events):
No events

Nmethod flushes (20 events):
Event: 42.600 Thread 0x000002ccc1c93f50 flushing  nmethod 0x000002ccab311e90
Event: 42.600 Thread 0x000002ccc1c93f50 flushing  nmethod 0x000002ccab426610
Event: 42.600 Thread 0x000002ccc1c93f50 flushing  nmethod 0x000002ccab426e90
Event: 42.600 Thread 0x000002ccc1c93f50 flushing  nmethod 0x000002ccab4dc110
Event: 42.600 Thread 0x000002ccc1c93f50 flushing  nmethod 0x000002ccab604a10
Event: 42.600 Thread 0x000002ccc1c93f50 flushing  nmethod 0x000002ccab65f510
Event: 42.600 Thread 0x000002ccc1c93f50 flushing  nmethod 0x000002ccab729910
Event: 42.600 Thread 0x000002ccc1c93f50 flushing  nmethod 0x000002ccab808110
Event: 42.600 Thread 0x000002ccc1c93f50 flushing  nmethod 0x000002ccab813f10
Event: 42.600 Thread 0x000002ccc1c93f50 flushing  nmethod 0x000002ccab83f910
Event: 42.600 Thread 0x000002ccc1c93f50 flushing  nmethod 0x000002ccab967990
Event: 42.600 Thread 0x000002ccc1c93f50 flushing  nmethod 0x000002ccaba11390
Event: 42.600 Thread 0x000002ccc1c93f50 flushing  nmethod 0x000002ccaba11d90
Event: 42.600 Thread 0x000002ccc1c93f50 flushing  nmethod 0x000002ccaba31090
Event: 42.600 Thread 0x000002ccc1c93f50 flushing  nmethod 0x000002ccaba31490
Event: 42.600 Thread 0x000002ccc1c93f50 flushing  nmethod 0x000002ccaba32110
Event: 42.600 Thread 0x000002ccc1c93f50 flushing  nmethod 0x000002ccabb21610
Event: 42.600 Thread 0x000002ccc1c93f50 flushing  nmethod 0x000002ccabbde910
Event: 42.600 Thread 0x000002ccc1c93f50 flushing  nmethod 0x000002ccabc82c10
Event: 42.600 Thread 0x000002ccc1c93f50 flushing  nmethod 0x000002ccabca6d10

Events (20 events):
Event: 31.238 Thread 0x000002cd07b7c330 Thread added: 0x000002cd0a5d2610
Event: 31.238 Thread 0x000002cd07b7c330 Thread added: 0x000002cd0a871e00
Event: 31.238 Thread 0x000002cd07b7c330 Thread added: 0x000002cd0c068e90
Event: 31.264 Thread 0x000002cd07b7c330 Thread added: 0x000002cd0c067450
Event: 31.266 Thread 0x000002cd07b7c330 Thread added: 0x000002cd0c068800
Event: 31.321 Thread 0x000002cd07b7c330 Thread exited: 0x000002cd07b7c330
Event: 31.326 Thread 0x000002cd07b7bcc0 Thread exited: 0x000002cd07b7bcc0
Event: 31.326 Thread 0x000002cca28fc160 Thread exited: 0x000002cca28fc160
Event: 31.326 Thread 0x000002cd0c065380 Thread added: 0x000002cd0c065380
Event: 33.269 Thread 0x000002cd0bd08ea0 Thread exited: 0x000002cd0bd08ea0
Event: 33.269 Thread 0x000002cd0bd0c520 Thread exited: 0x000002cd0bd0c520
Event: 40.699 Thread 0x000002ccc1cbffd0 Thread added: 0x000002cd0bd08ea0
Event: 40.973 Thread 0x000002ccc1cbe9e0 Thread added: 0x000002cd0bd0c520
Event: 41.038 Thread 0x000002cd0a5d6e40 Thread added: 0x000002cd0c066dc0
Event: 41.193 Thread 0x000002cd0bd0c520 Thread exited: 0x000002cd0bd0c520
Event: 41.518 Thread 0x000002ccc1cbffd0 Thread added: 0x000002cd0bd0a310
Event: 46.804 Thread 0x000002cd0c066dc0 Thread exited: 0x000002cd0c066dc0
Event: 47.272 Thread 0x000002cd0bd0a310 Thread exited: 0x000002cd0bd0a310
Event: 47.272 Thread 0x000002cd0bd08ea0 Thread exited: 0x000002cd0bd08ea0
Event: 160.908 Thread 0x000002ccc1cbe9e0 Thread added: 0x000002cd09caf640


Dynamic libraries:
0x00007ff64c240000 - 0x00007ff64c24e000 	C:\Users\med\.jdks\ms-21.0.10\bin\java.exe
0x00007ffca9930000 - 0x00007ffca9b47000 	C:\WINDOWS\SYSTEM32\ntdll.dll
0x00007ffca76f0000 - 0x00007ffca77b4000 	C:\WINDOWS\System32\KERNEL32.DLL
0x00007ffca6f70000 - 0x00007ffca7327000 	C:\WINDOWS\System32\KERNELBASE.dll
0x00007ffca6e50000 - 0x00007ffca6f61000 	C:\WINDOWS\System32\ucrtbase.dll
0x00007ffc9e990000 - 0x00007ffc9e9ae000 	C:\Users\med\.jdks\ms-21.0.10\bin\VCRUNTIME140.dll
0x00007ffc9bf90000 - 0x00007ffc9bfa8000 	C:\Users\med\.jdks\ms-21.0.10\bin\jli.dll
0x00007ffca9220000 - 0x00007ffca93cf000 	C:\WINDOWS\System32\USER32.dll
0x00007ffca7630000 - 0x00007ffca7656000 	C:\WINDOWS\System32\win32u.dll
0x00007ffca9500000 - 0x00007ffca9529000 	C:\WINDOWS\System32\GDI32.dll
0x00007ffca7510000 - 0x00007ffca7628000 	C:\WINDOWS\System32\gdi32full.dll
0x00007ffca7330000 - 0x00007ffca73ca000 	C:\WINDOWS\System32\msvcp_win.dll
0x00007ffc8c590000 - 0x00007ffc8c823000 	C:\WINDOWS\WinSxS\amd64_microsoft.windows.common-controls_6595b64144ccf1df_6.0.22621.3672_none_2713b9d173822955\COMCTL32.dll
0x00007ffca80d0000 - 0x00007ffca8177000 	C:\WINDOWS\System32\msvcrt.dll
0x00007ffca8230000 - 0x00007ffca8261000 	C:\WINDOWS\System32\IMM32.DLL
0x00007ffc9ec80000 - 0x00007ffc9ec8c000 	C:\Users\med\.jdks\ms-21.0.10\bin\vcruntime140_1.dll
0x00007ffc78e60000 - 0x00007ffc78ee9000 	C:\Users\med\.jdks\ms-21.0.10\bin\msvcp140.dll
0x00007ffbd0c40000 - 0x00007ffbd19ed000 	C:\Users\med\.jdks\ms-21.0.10\bin\server\jvm.dll
0x00007ffca7960000 - 0x00007ffca7a12000 	C:\WINDOWS\System32\ADVAPI32.dll
0x00007ffca93d0000 - 0x00007ffca9478000 	C:\WINDOWS\System32\sechost.dll
0x00007ffca6e20000 - 0x00007ffca6e48000 	C:\WINDOWS\System32\bcrypt.dll
0x00007ffca77c0000 - 0x00007ffca78d4000 	C:\WINDOWS\System32\RPCRT4.dll
0x00007ffca8420000 - 0x00007ffca8491000 	C:\WINDOWS\System32\WS2_32.dll
0x00007ffca0d80000 - 0x00007ffca0db4000 	C:\WINDOWS\SYSTEM32\WINMM.dll
0x00007ffca6a60000 - 0x00007ffca6aad000 	C:\WINDOWS\SYSTEM32\POWRPROF.dll
0x00007ffca4380000 - 0x00007ffca438a000 	C:\WINDOWS\SYSTEM32\VERSION.dll
0x00007ffca6940000 - 0x00007ffca6953000 	C:\WINDOWS\SYSTEM32\UMPDC.dll
0x00007ffca5c50000 - 0x00007ffca5c68000 	C:\WINDOWS\SYSTEM32\kernel.appcore.dll
0x00007ffc9e980000 - 0x00007ffc9e98a000 	C:\Users\med\.jdks\ms-21.0.10\bin\jimage.dll
0x00007ffca40d0000 - 0x00007ffca4302000 	C:\WINDOWS\SYSTEM32\DBGHELP.DLL
0x00007ffca7d40000 - 0x00007ffca80ce000 	C:\WINDOWS\System32\combase.dll
0x00007ffca9630000 - 0x00007ffca9707000 	C:\WINDOWS\System32\OLEAUT32.dll
0x00007ffc7fcb0000 - 0x00007ffc7fce2000 	C:\WINDOWS\SYSTEM32\dbgcore.DLL
0x00007ffca7490000 - 0x00007ffca750b000 	C:\WINDOWS\System32\bcryptPrimitives.dll
0x00007ffc9e870000 - 0x00007ffc9e880000 	C:\Users\med\.jdks\ms-21.0.10\bin\instrument.dll
0x00007ffc83840000 - 0x00007ffc83861000 	C:\Users\med\.jdks\ms-21.0.10\bin\java.dll
0x00007ffca8980000 - 0x00007ffca91e9000 	C:\WINDOWS\System32\SHELL32.dll
0x00007ffca4b60000 - 0x00007ffca545f000 	C:\WINDOWS\SYSTEM32\windows.storage.dll
0x00007ffca4a20000 - 0x00007ffca4b5f000 	C:\WINDOWS\SYSTEM32\wintypes.dll
0x00007ffca97f0000 - 0x00007ffca98e9000 	C:\WINDOWS\System32\SHCORE.dll
0x00007ffca9790000 - 0x00007ffca97ee000 	C:\WINDOWS\System32\shlwapi.dll
0x00007ffca6b70000 - 0x00007ffca6b97000 	C:\WINDOWS\SYSTEM32\profapi.dll
0x00007ffc78d80000 - 0x00007ffc78e56000 	C:\Users\med\.jdks\ms-21.0.10\bin\jsvml.dll
0x00007ffc8ad60000 - 0x00007ffc8ad78000 	C:\Users\med\.jdks\ms-21.0.10\bin\zip.dll
0x00007ffc891c0000 - 0x00007ffc891d1000 	C:\Users\med\.jdks\ms-21.0.10\bin\net.dll
0x00007ffca19e0000 - 0x00007ffca1b16000 	C:\WINDOWS\SYSTEM32\WINHTTP.dll
0x00007ffca60b0000 - 0x00007ffca6119000 	C:\WINDOWS\system32\mswsock.dll
0x00007ffc85fd0000 - 0x00007ffc85fe6000 	C:\Users\med\.jdks\ms-21.0.10\bin\nio.dll
0x00007ffca5730000 - 0x00007ffca5832000 	C:\WINDOWS\SYSTEM32\DNSAPI.dll
0x00007ffca56c0000 - 0x00007ffca56ed000 	C:\WINDOWS\SYSTEM32\IPHLPAPI.DLL
0x00007ffca9210000 - 0x00007ffca9219000 	C:\WINDOWS\System32\NSI.dll
0x00007ffc9bf80000 - 0x00007ffc9bf89000 	C:\Users\med\.jdks\ms-21.0.10\bin\extnet.dll
0x00007ffc9c570000 - 0x00007ffc9c57a000 	C:\Windows\System32\rasadhlp.dll
0x00007ffc9e410000 - 0x00007ffc9e493000 	C:\WINDOWS\System32\fwpuclnt.dll
0x00007ffc894a0000 - 0x00007ffc894aa000 	C:\Users\med\.jdks\ms-21.0.10\bin\management.dll
0x00007ffc83830000 - 0x00007ffc8383c000 	C:\Users\med\.jdks\ms-21.0.10\bin\management_ext.dll
0x00007ffca91f0000 - 0x00007ffca91f8000 	C:\WINDOWS\System32\PSAPI.DLL
0x00007ffca6400000 - 0x00007ffca641b000 	C:\WINDOWS\SYSTEM32\CRYPTSP.dll
0x00007ffca5bb0000 - 0x00007ffca5be5000 	C:\WINDOWS\system32\rsaenh.dll
0x00007ffca6150000 - 0x00007ffca6178000 	C:\WINDOWS\SYSTEM32\USERENV.dll
0x00007ffca63e0000 - 0x00007ffca63ec000 	C:\WINDOWS\SYSTEM32\CRYPTBASE.dll
0x00007ffc7c730000 - 0x00007ffc7c747000 	C:\WINDOWS\system32\napinsp.dll
0x00007ffc7c690000 - 0x00007ffc7c6ab000 	C:\WINDOWS\system32\pnrpnsp.dll
0x00007ffc7c710000 - 0x00007ffc7c721000 	C:\WINDOWS\System32\winrnr.dll
0x00007ffca0d60000 - 0x00007ffca0d75000 	C:\WINDOWS\system32\wshbth.dll
0x00007ffc7c6e0000 - 0x00007ffc7c707000 	C:\WINDOWS\system32\nlansp_c.dll
0x00007ffc9e0e0000 - 0x00007ffc9e0ee000 	C:\Users\med\.jdks\ms-21.0.10\bin\sunmscapi.dll
0x00007ffca6c40000 - 0x00007ffca6da6000 	C:\WINDOWS\System32\CRYPT32.dll
0x00007ffca64f0000 - 0x00007ffca651d000 	C:\WINDOWS\SYSTEM32\ncrypt.dll
0x00007ffca64b0000 - 0x00007ffca64e7000 	C:\WINDOWS\SYSTEM32\NTASN1.dll
0x00007ffc78d70000 - 0x00007ffc78d80000 	C:\Users\med\.jdks\ms-21.0.10\bin\verify.dll
0x00007ffc286e0000 - 0x00007ffc286e8000 	C:\WINDOWS\system32\wshunix.dll

JVMTI agents:
C:\Program Files\JetBrains\IntelliJ IDEA 2025.1.3\lib\idea_rt.jar path:C:\Users\med\.jdks\ms-21.0.10\bin\instrument.dll, loaded, initialized, instrumentlib options:52921

dbghelp: loaded successfully - version: 4.0.5 - missing functions: none
symbol engine: initialized successfully - sym options: 0x614 - pdb path: .;C:\Users\med\.jdks\ms-21.0.10\bin;C:\WINDOWS\SYSTEM32;C:\WINDOWS\WinSxS\amd64_microsoft.windows.common-controls_6595b64144ccf1df_6.0.22621.3672_none_2713b9d173822955;C:\Users\med\.jdks\ms-21.0.10\bin\server

VM Arguments:
jvm_args: -javaagent:C:\Program Files\JetBrains\IntelliJ IDEA 2025.1.3\lib\idea_rt.jar=52921 -Dfile.encoding=UTF-8 -Dsun.stdout.encoding=UTF-8 -Dsun.stderr.encoding=UTF-8 
java_command: com.busway.BuswayApplication
java_class_path (initial): C:\Users\med\Desktop\busway\target\classes;C:\Users\med\.m2\repository\org\springframework\boot\spring-boot-starter-web\3.2.3\spring-boot-starter-web-3.2.3.jar;C:\Users\med\.m2\repository\org\springframework\boot\spring-boot-starter\3.2.3\spring-boot-starter-3.2.3.jar;C:\Users\med\.m2\repository\org\springframework\boot\spring-boot-starter-logging\3.2.3\spring-boot-starter-logging-3.2.3.jar;C:\Users\med\.m2\repository\ch\qos\logback\logback-classic\1.4.14\logback-classic-1.4.14.jar;C:\Users\med\.m2\repository\ch\qos\logback\logback-core\1.4.14\logback-core-1.4.14.jar;C:\Users\med\.m2\repository\org\apache\logging\log4j\log4j-to-slf4j\2.21.1\log4j-to-slf4j-2.21.1.jar;C:\Users\med\.m2\repository\org\apache\logging\log4j\log4j-api\2.21.1\log4j-api-2.21.1.jar;C:\Users\med\.m2\repository\org\slf4j\jul-to-slf4j\2.0.12\jul-to-slf4j-2.0.12.jar;C:\Users\med\.m2\repository\jakarta\annotation\jakarta.annotation-api\2.1.1\jakarta.annotation-api-2.1.1.jar;C:\Users\med\.m2\repository\org\yaml\snakeyaml\2.2\snakeyaml-2.2.jar;C:\Users\med\.m2\repository\org\springframework\boot\spring-boot-starter-json\3.2.3\spring-boot-starter-json-3.2.3.jar;C:\Users\med\.m2\repository\com\fasterxml\jackson\datatype\jackson-datatype-jdk8\2.15.4\jackson-datatype-jdk8-2.15.4.jar;C:\Users\med\.m2\repository\com\fasterxml\jackson\module\jackson-module-parameter-names\2.15.4\jackson-module-parameter-names-2.15.4.jar;C:\Users\med\.m2\repository\org\springframework\boot\spring-boot-starter-tomcat\3.2.3\spring-boot-starter-tomcat-3.2.3.jar;C:\Users\med\.m2\repository\org\apache\tomcat\embed\tomcat-embed-core\10.1.19\tomcat-embed-core-10.1.19.jar;C:\Users\med\.m2\repository\org\apache\tomcat\embed\tomcat-embed-websocket\10.1.19\tomcat-embed-websocket-10.1.19.jar;C:\Users\med\.m2\repository\org\springframework\spring-web\6.1.4\spring-web-6.1.4.jar;C:\Users\med\.m2\repository\org\springframework\spring-beans\6.1.4\spring-beans-6.1.4.jar;C:\Users\med\.m2\repository\io\micrometer\micrometer-observation\1.12.3\micrometer-observation-1.12.3.jar;C:\Users\med\.m2\repository\io\micrometer\micrometer-commons\1.12.3\micrometer-commons-1.12.3.jar;C:\Users\med\.m2\repository\org\springframework\spring-webmvc\6.1.4\spring-webmvc-6.1.4.jar;C:\Users\med\.m2\repository\org\springframework\spring-context\6.1.4\spring-context-6.1.4.jar;C:\Users\med\.m2\repository\org\springframework\spring-expression\6.1.4\spring-expression-6.1.4.jar;C:\Users\med\.m2\repository\org\springframework\boot\spring-boot-starter-data-jpa\3.2.3\spring-boot-starter-data-jpa-3.2.3.jar;C:\Users\med\.m2\repository\org\springframework\boot\spring-boot-starter-aop\3.2.3\spring-boot-starter-aop-3.2.3.jar;C:\Users\med\.m2\repository\org\aspectj\aspectjweaver\1.9.21\aspectjweaver-1.9.21.jar;C:\Users\med\.m2\repository\org\springframework\boot\spring-boot-starter-jdbc\3.2.3\spring-boot-starter-jdbc-3.2.3.jar;C:\Users\med\.m2\repository\com\zaxxer\HikariCP\5.0.1\HikariCP-5.0.1.jar;C:\Users\med\.m2\repository\org\springframework\spring-jdbc\6.1.4\spring-jdbc-6.1.4.jar;C:\Users\med\.m2\repository\org\hibernate\orm\hibernate-core\6.4.4.Final\hibernate-core-6.4.4.Final.jar;C:\Users\med\.m2\repository\jakarta\persistence\jakarta.persistence-api\3.1.0\jakarta.persistence-api-3.1.0.jar;C:\Users\med\.m2\repository\jakarta\transaction\jakarta.transaction-api\2.0.1\jakarta.transaction-api-2.0.1.jar;C:\Users\med\.m2\repository\org\hibernate\common\hibernate-commons-annotations\6.0.6.Final\hibernate-commons-annotations-6.0.6.Final.jar;C:\Users\med\.m2\repository\io\smallrye\jandex\3.1.2\jandex-3.1.2.jar;C:\Users\med\.m2\repository\com\fasterxml\classmate\1.6.0\classmate-1.6.0.jar;C:\Users\med\.m2\repository\net\bytebuddy\byte-buddy\1.14.12\byte-buddy-1.14.12.jar;C:\Users\med\.m2\repository\org\glassfish\jaxb\jaxb-runtime\4.0.4\jaxb-runtime-4.0.4.jar;C:\Users\med\.m2\repository\org\glassfish\jaxb\jaxb-core\4.0.4\jaxb-core-4.0.4.jar;C:\Users\med\.m2\repository\org\eclipse\angus\angus-activation\2.0.1\angus-activation-2.0.1.jar;C:\Users\med\.m2\repository\org\glassfish\jaxb\txw2\4.0.4\txw2-4.0.4.jar;C:\Users\med\.m2\repository\com\sun\istack\istack-commons-runtime\4.1.2\istack-commons-runtime-4.1.2.jar;C:\Users\med\.m2\repository\jakarta\inject\jakarta.inject-api\2.0.1\jakarta.inject-api-2.0.1.jar;C:\Users\med\.m2\repository\org\antlr\antlr4-runtime\4.13.0\antlr4-runtime-4.13.0.jar;C:\Users\med\.m2\repository\org\springframework\data\spring-data-jpa\3.2.3\spring-data-jpa-3.2.3.jar;C:\Users\med\.m2\repository\org\springframework\data\spring-data-commons\3.2.3\spring-data-commons-3.2.3.jar;C:\Users\med\.m2\repository\org\springframework\spring-orm\6.1.4\spring-orm-6.1.4.jar;C:\Users\med\.m2\repository\org\springframework\spring-tx\6.1.4\spring-tx-6.1.4.jar;C:\Users\med\.m2\repository\org\springframework\spring-aspects\6.1.4\spring-aspects-6.1.4.jar;C:\Users\med\.m2\repository\org\springframework\boot\spring-boot-starter-validation\3.2.3\spring-boot-starter-validation-3.2.3.jar;C:\Users\med\.m2\repository\org\apache\tomcat\embed\tomcat-embed-el\10.1.19\tomcat-embed-el-10.1.19.jar;C:\Users\med\.m2\repository\org\hibernate\validator\hibernate-validator\8.0.1.Final\hibernate-validator-8.0.1.Final.jar;C:\Users\med\.m2\repository\jakarta\validation\jakarta.validation-api\3.0.2\jakarta.validation-api-3.0.2.jar;C:\Users\med\.m2\repository\org\postgresql\postgresql\42.6.1\postgresql-42.6.1.jar;C:\Users\med\.m2\repository\org\checkerframework\checker-qual\3.31.0\checker-qual-3.31.0.jar;C:\Users\med\.m2\repository\net\postgis\postgis-jdbc\2.5.1\postgis-jdbc-2.5.1.jar;C:\Users\med\.m2\repository\org\slf4j\slf4j-api\2.0.12\slf4j-api-2.0.12.jar;C:\Users\med\.m2\repository\net\postgis\postgis-geometry\2.5.1\postgis-geometry-2.5.1.jar;C:\Users\med\.m2\repository\org\hibernate\orm\hibernate-spatial\6.4.4.Final\hibernate-spatial-6.4.4.Final.jar;C:\Users\med\.m2\repository\org\geolatte\geolatte-geom\1.8.2\geolatte-geom-1.8.2.jar;C:\Users\med\.m2\repository\org\jboss\logging\jboss-logging\3.5.3.Final\jboss-logging-3.5.3.Final.jar;C:\Users\med\.m2\repository\org\locationtech\jts\jts-core\1.18.2\jts-core-1.18.2.jar;C:\Users\med\.m2\repository\org\projectlombok\lombok\1.18.30\lombok-1.18.30.jar;C:\Users\med\.m2\repository\com\fasterxml\jackson\datatype\jackson-datatype-jsr310\2.15.4\jackson-datatype-jsr310-2.15.4.jar;C:\Users\med\.m2\repository\com\fasterxml\jackson\core\jackson-annotations\2.15.4\jackson-annotations-2.15.4.jar;C:\Users\med\.m2\repository\com\fasterxml\jackson\core\jackson-core\2.15.4\jackson-core-2.15.4.jar;C:\Users\med\.m2\repository\com\fasterxml\jackson\core\jackson-databind\2.15.4\jackson-databind-2.15.4.jar;C:\Users\med\.m2\repository\org\springframework\boot\spring-boot-devtools\3.2.3\spring-boot-devtools-3.2.3.jar;C:\Users\med\.m2\repository\org\springframework\boot\spring-boot\3.2.3\spring-boot-3.2.3.jar;C:\Users\med\.m2\repository\org\springframework\boot\spring-boot-autoconfigure\3.2.3\spring-boot-autoconfigure-3.2.3.jar;C:\Users\med\.m2\repository\jakarta\xml\bind\jakarta.xml.bind-api\4.0.1\jakarta.xml.bind-api-4.0.1.jar;C:\Users\med\.m2\repository\jakarta\activation\jakarta.activation-api\2.1.2\jakarta.activation-api-2.1.2.jar;C:\Users\med\.m2\repository\org\springframework\spring-core\6.1.4\spring-core-6.1.4.jar;C:\Users\med\.m2\repository\org\springframework\spring-jcl\6.1.4\spring-jcl-6.1.4.jar;C:\Users\med\.m2\repository\io\jsonwebtoken\jjwt-api\0.11.5\jjwt-api-0.11.5.jar;C:\Users\med\.m2\repository\io\jsonwebtoken\jjwt-impl\0.11.5\jjwt-impl-0.11.5.jar;C:\Users\med\.m2\repository\io\jsonwebtoken\jjwt-jackson\0.11.5\jjwt-jackson-0.11.5.jar;C:\Users\med\.m2\repository\org\springframework\boot\spring-boot-starter-security\3.2.3\spring-boot-starter-security-3.2.3.jar;C:\Users\med\.m2\repository\org\springframework\spring-aop\6.1.4\spring-aop-6.1.4.jar;C:\Users\med\.m2\repository\org\springframework\security\spring-security-config\6.2.2\spring-security-config-6.2.2.jar;C:\Users\med\.m2\repository\org\springframework\security\spring-security-core\6.2.2\spring-security-core-6.2.2.jar;C:\Users\med\.m2\repository\org\springframework\security\spring-security-crypto\6.2.2\spring-security-crypto-6.2.2.jar;C:\Users\med\.m2\repository\org\springframework\security\spring-security-web\6.2.2\spring-security-web-6.2.2.jar
Launcher Type: SUN_STANDARD

[Global flags]
     intx CICompilerCount                          = 4                                         {product} {ergonomic}
     uint ConcGCThreads                            = 2                                         {product} {ergonomic}
     uint G1ConcRefinementThreads                  = 8                                         {product} {ergonomic}
   size_t G1HeapRegionSize                         = 2097152                                   {product} {ergonomic}
    uintx GCDrainStackTargetSize                   = 64                                        {product} {ergonomic}
   size_t InitialHeapSize                          = 266338304                                 {product} {ergonomic}
   size_t MarkStackSize                            = 4194304                                   {product} {ergonomic}
   size_t MaxHeapSize                              = 4244635648                                {product} {ergonomic}
   size_t MaxNewSize                               = 2545942528                                {product} {ergonomic}
   size_t MinHeapDeltaBytes                        = 2097152                                   {product} {ergonomic}
   size_t MinHeapSize                              = 8388608                                   {product} {ergonomic}
    uintx NonNMethodCodeHeapSize                   = 5839372                                {pd product} {ergonomic}
    uintx NonProfiledCodeHeapSize                  = 122909434                              {pd product} {ergonomic}
    uintx ProfiledCodeHeapSize                     = 122909434                              {pd product} {ergonomic}
    uintx ReservedCodeCacheSize                    = 251658240                              {pd product} {ergonomic}
     bool SegmentedCodeCache                       = true                                      {product} {ergonomic}
   size_t SoftMaxHeapSize                          = 4244635648                             {manageable} {ergonomic}
     bool UseCompressedOops                        = true                           {product lp64_product} {ergonomic}
     bool UseG1GC                                  = true                                      {product} {ergonomic}
     bool UseLargePagesIndividualAllocation        = false                                  {pd product} {ergonomic}

Logging:
Log output configuration:
 #0: stdout all=warning uptime,level,tags foldmultilines=false
 #1: stderr all=off uptime,level,tags foldmultilines=false

Release file:
IMPLEMENTOR="Microsoft" 
IMPLEMENTOR_VERSION="Microsoft-13106404" 
JAVA_RUNTIME_VERSION="21.0.10+7-LTS" 
JAVA_VERSION="21.0.10" 
JAVA_VERSION_DATE="2026-01-20" 
LIBC="default" 
MODULES="java.base java.compiler java.datatransfer java.xml java.prefs java.desktop java.instrument java.logging java.management java.security.sasl java.naming java.rmi java.management.rmi java.net.http java.scripting java.security.jgss java.transaction.xa java.sql java.sql.rowset java.xml.crypto java.se java.smartcardio jdk.accessibility jdk.internal.jvmstat jdk.attach jdk.charsets jdk.internal.opt jdk.zipfs jdk.compiler jdk.crypto.ec jdk.crypto.cryptoki jdk.crypto.mscapi jdk.dynalink jdk.internal.ed jdk.editpad jdk.hotspot.agent jdk.httpserver jdk.incubator.vector jdk.internal.le jdk.internal.vm.ci jdk.internal.vm.compiler jdk.internal.vm.compiler.management jdk.jartool jdk.javadoc jdk.jcmd jdk.management jdk.management.agent jdk.jconsole jdk.jdeps jdk.jdwp.agent jdk.jdi jdk.jfr jdk.jlink jdk.jpackage jdk.jshell jdk.jsobject jdk.jstatd jdk.localedata jdk.management.jfr jdk.naming.dns jdk.naming.rmi jdk.net jdk.nio.mapmode jdk.random jdk.sctp jdk.security.auth jdk.security.jgss jdk.unsupported jdk.unsupported.desktop jdk.xml.dom" 
OS_ARCH="x86_64" 
OS_NAME="Windows" 
SOURCE=".:git:e69b6ef7382e" 

Environment Variables:
PATH=C:\Program Files (x86)\Common Files\Oracle\Java\java8path;C:\Program Files (x86)\Common Files\Oracle\Java\javapath;C:\Program Files (x86)\VMware\VMware Workstation\bin\;C:\Python312\Scripts\;C:\Python312\;C:\WINDOWS\system32;C:\WINDOWS;C:\WINDOWS\System32\Wbem;C:\WINDOWS\System32\WindowsPowerShell\v1.0\;C:\WINDOWS\System32\OpenSSH\;C:\ProgramData\chocolatey\bin;C:\Users\med\AppData\Local\Android\sdk\platform-tools;C:\Users\med\AppData\Local\Android\sdk\tools;C:\Users\med\AppData\Local\Android\sdk\tools\bin;C:\Program Files\nodejs\;C:\Users\med\AppData\Roaming\npm\;C:\gradle-8.13-all;C:\xampp\mysql\lib;C:\Program Files\CMake\bin;C:\Program Files\Microsoft SQL Server\150\Tools\Binn\;C:\Program Files\Microsoft SQL Server\Client SDK\ODBC\170\Tools\Binn\;C:\Program Files\dotnet\;C:\Program Files\Git\cmd;C:\Program Files (x86)\Microsoft SQL Server\170\Tools\Binn\;C:\Program Files\Microsoft SQL Server\170\Tools\Binn\;C:\Program Files\Microsoft SQL Server\Client SDK\ODBC\180\Tools\Binn\;C:\Program Files\Microsoft SQL Server\170\DTS\Binn\;C:\Program Files\TortoiseGit\bin;C:\Program Files\Docker\Docker\resources\bin;C:\Program Files (x86)\Common Files\Oracle\Java\java8path;C:\Program Files (x86)\Common Files\Oracle\Java\javapath;C:\Program Files (x86)\VMware\VMware Workstation\bin\;C:\Python312\Scripts\;C:\Python312\;C:\WINDOWS\system32;C:\WINDOWS;C:\WINDOWS\System32\Wbem;C:\WINDOWS\System32\WindowsPowerShell\v1.0\;C:\WINDOWS\System32\OpenSSH\;C:\ProgramData\chocolatey\bin;C:\Users\med\AppData\Local\Android\sdk\platform-tools;C:\Users\med\AppData\Local\Android\sdk\tools;C:\Users\med\AppData\Local\Android\sdk\tools\bin;C:\Program Files\nodejs\;C:\Users\med\AppData\Roaming\npm\;C:\gradle-8.13-all;C:\xampp\mysql\lib;C:\Program Files\CMake\bin;C:\Program Files\Microsoft SQL Server\150\Tools\Binn\;C:\Program Files\Microsoft SQL Server\Client SDK\ODBC\170\Tools\Binn\;C:\Program Files\dotnet\;C:\Program Files\Git\cmd;C:\Program Files (x86)\Microsoft SQL Server\170\Tools\Binn\;C:\Program Files\Microsoft SQL Server\170\Tools\Binn\;C:\Program Files\Microsoft SQL Server\Client SDK\ODBC\180\Tools\Binn\;C:\Program Files\Microsoft SQL;C:\Users\med\AppData\Local\Programs\Microsoft VS Code\bin;C:\Users\med\.lmstudio\bin;C:\Users\med\AppData\Local\Programs\cursor\resources\app\bin
USERNAME=med
OS=Windows_NT
PROCESSOR_IDENTIFIER=Intel64 Family 6 Model 142 Stepping 12, GenuineIntel
TMP=C:\Users\med\AppData\Local\Temp
TEMP=C:\Users\med\AppData\Local\Temp




Periodic native trim disabled

---------------  S Y S T E M  ---------------

OS:
 Windows 11 , 64 bit Build 22621 (10.0.22621.3958)
OS uptime: 0 days 7:28 hours
Hyper-V role detected

CPU: total 8 (initial active 8) (4 cores per cpu, 2 threads per core) family 6 model 142 stepping 12 microcode 0xf8, cx8, cmov, fxsr, ht, mmx, 3dnowpref, sse, sse2, sse3, ssse3, sse4.1, sse4.2, popcnt, lzcnt, tsc, tscinvbit, avx, avx2, aes, erms, clmul, bmi1, bmi2, adx, fma, vzeroupper, clflush, clflushopt, hv, rdtscp, f16c
Processor Information for processor 0
  Max Mhz: 1800, Current Mhz: 1600, Mhz Limit: 1584
Processor Information for processor 1
  Max Mhz: 1800, Current Mhz: 1500, Mhz Limit: 1584
Processor Information for processor 2
  Max Mhz: 1800, Current Mhz: 1600, Mhz Limit: 1584
Processor Information for processor 3
  Max Mhz: 1800, Current Mhz: 1500, Mhz Limit: 1584
Processor Information for processor 4
  Max Mhz: 1800, Current Mhz: 1600, Mhz Limit: 1584
Processor Information for processor 5
  Max Mhz: 1800, Current Mhz: 1500, Mhz Limit: 1584
Processor Information for processor 6
  Max Mhz: 1800, Current Mhz: 1600, Mhz Limit: 1584
Processor Information for processor 7
  Max Mhz: 1800, Current Mhz: 1500, Mhz Limit: 1584

Memory: 4k page, system-wide physical 16190M (384M free)
TotalPageFile size 23827M (AvailPageFile size 2M)
current process WorkingSet (physical memory assigned to process): 412M, peak: 415M
current process commit charge ("private bytes"): 450M, peak: 489M

vm_info: OpenJDK 64-Bit Server VM (21.0.10+7-LTS) for windows-amd64 JRE (21.0.10+7-LTS), built on 2026-01-15T18:39:42Z by "MicrosoftCorporation" with MS VC++ 17.14 (VS2022)

END.
